data-analysis/016-pandas-concat/data/sp3/Denver.csv
,Date,AveragePrice,Total Volume,4046,4225,4770,Total Bags,Small Bags,Large Bags,XLarge Bags,type,year,region
50,2017-01-15,1.04,808771.72,147752.34,212522.91,18135.24,430361.23,255414.77,174946.46,0.0,conventional,2017,Denver
51,2017-01-08,0.92,844689.96,169103.67,249167.67,16470.81,409947.81,247424.23,162523.58,0.0,conventional,2017,Denver
52,2017-01-01,0.8,959368.84,138364.14,336467.73,12664.38,471872.59,310280.15,161495.22,97.22,conventional,2017,Denver
0,2018-03-25,1.02,950483.37,176286.79,222958.27,16540.62,534697.69,121655.4,413042.29,0.0,conventional,2018,Denver
1,2018-03-18,1.02,1010953.71,163394.48,260747.73,15483.84,571327.66,129403.31,441922.13,2.22,conventional,2018,Denver
2,2018-03-11,1.16,788107.23,159389.01,205340.23,16598.6,406779.39,156327.39,250452.0,0.0,conventional,2018,Denver
3,2018-03-04,1.01,934460.44,192776.45,258652.66,15526.86,467504.47,137337.91,330166.56,0.0,conventional,2018,Denver
4,2018-02-25,0.99,1018614.31,166753.37,254657.74,14153.31,583049.89,137052.52,445944.87,52.5,conventional,2018,Denver
5,2018-02-18,1.16,743979.81,159850.99,197244.92,12929.9,373954.0,126126.99,247827.01,0.0,conventional,2018,Denver
6,2018-02-11,0.91,1056054.41,234995.54,251174.58,13754.34,556129.95,86599.13,469530.82,0.0,conventional,2018,Denver
7,2018-02-04,0.87,1381528.74,234985.26,468889.32,11698.36,665955.8,88502.27,577453.53,0.0,conventional,2018,Denver
8,2018-01-28,1.15,773218.13,181751.78,215803.07,9803.85,365859.43,111320.37,254537.95,1.11,conventional,2018,Denver
9,2018-01-21,1.16,872673.39,147297.68,233968.98,14834.26,476572.47,101867.53,374703.83,1.11,conventional,2018,Denver
10,2018-01-14,1.1,1003142.47,178992.28,323916.08,11963.62,488270.49,121454.8,366815.69,0.0,conventional,2018,Denver
11,2018-01-07,1.01,963849.75,184830.15,292349.16,14102.19,472568.25,112396.9,360171.35,0.0,conventional,2018,Denver
